> vec_as_location(1:2, 2L)
Error: Must extract with a single index.
x `i` has the wrong size 2.
i This index must be size 1.

> vec_as_location(mtcars, 10L)
Error: Must extract with a single index.
x `i` has the wrong type `data.frame<
  mpg : double
  cyl : double
  disp: double
  hp  : double
  drat: double
  wt  : double
  qsec: double
  vs  : double
  am  : double
  gear: double
  carb: double
>`.
i This index must be a location or a name.


Custom `arg`
============

> vec_as_location(1:2, 2L, arg = "foo")
Error: Must extract with a single index.
x `foo` has the wrong size 2.
i This index must be size 1.

> vec_as_location(mtcars, 10L, arg = "foo")
Error: Must extract with a single index.
x `foo` has the wrong type `data.frame<
  mpg : double
  cyl : double
  disp: double
  hp  : double
  drat: double
  wt  : double
  qsec: double
  vs  : double
  am  : double
  gear: double
  carb: double
>`.
i This index must be a location or a name.

> vec_as_location(1:2, 2L, arg = "foo")
Error: Must extract with a single index.
x `foo` has the wrong size 2.
i This index must be size 1.

