> vec_as_position(TRUE, 10L)
Error: Must extract with a single position or name.
x `i` has the wrong type `logical`.
i Positions and names must be integer or character.

> vec_as_position(mtcars, 10L)
Error: Must extract with a single position or name.
x `i` has the wrong type `data.frame<
  mpg : double
  cyl : double
  disp: double
  hp  : double
  drat: double
  wt  : double
  qsec: double
  vs  : double
  am  : double
  gear: double
  carb: double
>`.
i Positions and names must be integer or character.

> vec_as_position(env(), 10L)
Error: Must extract with a single position or name.
x `i` has the wrong type `environment`.
i Positions and names must be integer or character.

> vec_as_position(foobar(), 10L)
Error: Must extract with a single position or name.
x `i` has the wrong type `vctrs_foobar`.
i Positions and names must be integer or character.

> vec_as_position(2.5, 3L)
Error: Must extract with a single position or name.
x Lossy cast from `i` <double> to <integer>.


Custom `arg`
============

> vec_as_position(foobar(), 10L, arg = "foo")
Error: Must extract with a single position or name.
x `foo` has the wrong type `vctrs_foobar`.
i Positions and names must be integer or character.

> vec_as_position(2.5, 3L, arg = "foo")
Error: Must extract with a single position or name.
x Lossy cast from `foo` <double> to <integer>.

