> vec_as_index(mtcars, 10)
Error: Must subset with an index vector.
x `i` has the wrong type `data.frame<
  mpg : double
  cyl : double
  disp: double
  hp  : double
  drat: double
  wt  : double
  qsec: double
  vs  : double
  am  : double
  gear: double
  carb: double
>`.
i These indices must be indicators, positions or names.

> vec_as_index(env(), 10)
Error: Must subset with an index vector.
x `i` has the wrong type `environment`.
i These indices must be indicators, positions or names.

> vec_as_index(foobar(), 10)
Error: Must subset with an index vector.
x `i` has the wrong type `vctrs_foobar`.
i These indices must be indicators, positions or names.

> vec_as_index(2.5, 3)
Error: Must subset with an index vector.
x Lossy cast from `i` <double> to <integer>.

> vec_as_index(list(), 10)
Error: Must subset with an index vector.
x `i` has the wrong type `list`.
i These indices must be indicators, positions or names.

> vec_as_index(function() NULL, 10)
Error: Must subset with an index vector.
x `i` has the wrong type `closure`.
i These indices must be indicators, positions or names.


Custom `arg`
============

> vec_as_index(env(), 10, arg = "foo")
Error: Must subset with an index vector.
x `foo` has the wrong type `environment`.
i These indices must be indicators, positions or names.

> vec_as_index(foobar(), 10, arg = "foo")
Error: Must subset with an index vector.
x `foo` has the wrong type `vctrs_foobar`.
i These indices must be indicators, positions or names.

> vec_as_index(2.5, 3, arg = "foo")
Error: Must subset with an index vector.
x Lossy cast from `foo` <double> to <integer>.

