
require unique haystack
=======================

> vec_matches(c(1, 1), c(1, 1), unique = "haystack")
Error: The haystack must not contain duplicate values.
x The element at location 2 is a duplicate.

> vec_matches(c(1, 1), c(1, 1), unique = "haystack", haystack_arg = "foo")
Error: `foo` must not contain duplicate values.
x The element at location 2 is a duplicate.


require unique needles
======================

> vec_matches(c(1, 1), c(1, 1), unique = "needles")
Error: The needles must not contain duplicate values.
x The element at location 2 is a duplicate.

> vec_matches(c(1, 1), c(1, 1), unique = "needles", needles_arg = "foo")
Error: `foo` must not contain duplicate values.
x The element at location 2 is a duplicate.


require both unique
===================

> vec_matches(c(1, 1), 1, unique = "both", needles_arg = "foo", haystack_arg = "bar")
Error: `foo` must not contain duplicate values.
x The element at location 2 is a duplicate.

> vec_matches(1, c(1, 1), unique = "both", needles_arg = "foo", haystack_arg = "bar")
Error: `bar` must not contain duplicate values.
x The element at location 2 is a duplicate.

